#-----------------------------------------------------------
# Webtalk v2017.2 (64-bit)
# SW Build 1909853 on Thu Jun 15 18:39:09 MDT 2017
# IP Build 1909766 on Thu Jun 15 19:58:00 MDT 2017
# Start of session at: Sat May 26 04:21:13 2018
# Process ID: 4692
# Current directory: C:/Users/Ryan/Desktop/WavletVHDL/imagecompression/imagecompression.tmp/axi_ip_demo_v4_0_project/axi_ip_demo_v4_0_project.sim/sim_1/behav
# Command line: wbtcv.exe -mode batch -source C:/Users/Ryan/Desktop/WavletVHDL/imagecompression/imagecompression.tmp/axi_ip_demo_v4_0_project/axi_ip_demo_v4_0_project.sim/sim_1/behav/xsim.dir/axi_ip_demo_v1_0_tb_behav/webtalk/xsim_webtalk.tcl -notrace
# Log file: C:/Users/Ryan/Desktop/WavletVHDL/imagecompression/imagecompression.tmp/axi_ip_demo_v4_0_project/axi_ip_demo_v4_0_project.sim/sim_1/behav/webtalk.log
# Journal file: C:/Users/Ryan/Desktop/WavletVHDL/imagecompression/imagecompression.tmp/axi_ip_demo_v4_0_project/axi_ip_demo_v4_0_project.sim/sim_1/behav\webtalk.jou
#-----------------------------------------------------------
source C:/Users/Ryan/Desktop/WavletVHDL/imagecompression/imagecompression.tmp/axi_ip_demo_v4_0_project/axi_ip_demo_v4_0_project.sim/sim_1/behav/xsim.dir/axi_ip_demo_v1_0_tb_behav/webtalk/xsim_webtalk.tcl -notrace
